MPLINK 5.00, LINKER
Linker Map File - Created Sat Feb 11 15:26:33 2023

                                 Section Info
                  Section       Type    Address   Location Size(Bytes)
                ---------  ---------  ---------  ---------  ---------
               _entry_scn       code   0x000000    program   0x000006
           .code___init.o       code   0x000006    program   0x000002
         high_vector_addr       code   0x000008    program   0x000006
         .idata_c018i.o_i    romdata   0x00000e    program   0x000000
         .romdata_c018i.o    romdata   0x00000e    program   0x000000
            .code_c018i.o       code   0x00000e    program   0x000000
        .romdata___init.o    romdata   0x00000e    program   0x000000
          .romdata_main.o    romdata   0x00000e    program   0x000000
        .idata___init.o_i    romdata   0x00000e    program   0x000000
      .romdata_fxd3232u.o    romdata   0x00000e    program   0x000000
      .idata_fxd3232u.o_i    romdata   0x00000e    program   0x000000
      .romdata_fxd1616u.o    romdata   0x00000e    program   0x000000
      .idata_fxd1616u.o_i    romdata   0x00000e    program   0x000000
          low_vector_addr       code   0x000018    program   0x000006
                   .cinit    romdata   0x00001e    program   0x00000e
             .code_main.o       code   0x00002c    program   0x003406
                     PROG       code   0x003432    program   0x0003c6
               _cinit_scn       code   0x0037f8    program   0x00009e
         .code_fxd3232u.o       code   0x003896    program   0x000048
                   STRING       code   0x0038de    program   0x000034
         .code_fxd1616u.o       code   0x003912    program   0x00002c
              D1KTCYXCODE       code   0x00393e    program   0x000020
                    .code       code   0x00395e    program   0x000020
             _startup_scn       code   0x00397e    program   0x00001c
              D10TCYXCODE       code   0x00399a    program   0x000016
          .idata_main.o_i    romdata   0x0039b0    program   0x000023
    .config_300001_main.o    romdata   0x300001    program   0x000001
    .config_300002_main.o    romdata   0x300002    program   0x000001
    .config_300003_main.o    romdata   0x300003    program   0x000001
    .config_300005_main.o    romdata   0x300005    program   0x000001
    .config_300006_main.o    romdata   0x300006    program   0x000001
    .config_300008_main.o    romdata   0x300008    program   0x000001
    .config_300009_main.o    romdata   0x300009    program   0x000001
    .config_30000a_main.o    romdata   0x30000a    program   0x000001
    .config_30000b_main.o    romdata   0x30000b    program   0x000001
    .config_30000c_main.o    romdata   0x30000c    program   0x000001
    .config_30000d_main.o    romdata   0x30000d    program   0x000001
                MATH_DATA      udata   0x000000       data   0x000014
               lo_isr_tmp      udata   0x000014       data   0x000008
                 .tmpdata      udata   0x00001c       data   0x000008
                DELAYDAT1      udata   0x000024       data   0x000001
           .udata_c018i.o      udata   0x000080       data   0x00000a
                   .stack      udata   0x000200       data   0x000100
            .udata_main.o      udata   0x000300       data   0x0002d4
            .idata_main.o      idata   0x0005d4       data   0x000023
           .idata_c018i.o      idata   0x0005f7       data   0x000000
        .udata_fxd1616u.o      udata   0x0005f7       data   0x000000
        .idata_fxd1616u.o      idata   0x0005f7       data   0x000000
        .udata_fxd3232u.o      udata   0x0005f7       data   0x000000
        .idata_fxd3232u.o      idata   0x0005f7       data   0x000000
          .udata___init.o      udata   0x0005f7       data   0x000000
          .idata___init.o      idata   0x0005f7       data   0x000000
            SFR_UNBANKED0      udata   0x000f80       data   0x000080



                              Program Memory Usage 
                               Start         End      
                           ---------   ---------      
                            0x000000    0x00000d      
                            0x000018    0x0039d2      
                            0x300001    0x300003      
                            0x300005    0x300006      
                            0x300008    0x30000d      
            14804 out of 33048 program addresses used, program memory utilization is 44%



                              Symbols - Sorted by Name
                     Name    Address   Location    Storage File                     
                ---------  ---------  ---------  --------- ---------                
                    D10_1   0x0039aa    program     static E:\3.46\pic18-lt\cxx-framework\src\traditional\delays\d10tcyx.asm
                     D10x   0x0039a2    program     static E:\3.46\pic18-lt\cxx-framework\src\traditional\delays\d10tcyx.asm
                    D1K_1   0x00394a    program     static E:\3.46\pic18-lt\cxx-framework\src\traditional\delays\d1ktcyx.asm
                     D1Kx   0x003948    program     static E:\3.46\pic18-lt\cxx-framework\src\traditional\delays\d1ktcyx.asm
              Delay10TCYx   0x00399a    program     extern E:\3.46\pic18-lt\cxx-framework\src\traditional\delays\d10tcyx.asm
              Delay1KTCYx   0x00393e    program     extern E:\3.46\pic18-lt\cxx-framework\src\traditional\delays\d1ktcyx.asm
                 Delay_Ms   0x00002c    program     extern C:\Users\DPTP\Google Drive\DPTP\PIC_Programozas\P18F452\VGM_YM2612_SN76489\header.h
                 Delay_Us   0x000060    program     extern C:\Users\DPTP\Google Drive\DPTP\PIC_Programozas\P18F452\VGM_YM2612_SN76489\header.h
               EepromRead   0x00213e    program     extern C:\Users\DPTP\Google Drive\DPTP\PIC_Programozas\P18F452\VGM_YM2612_SN76489\function.h
              EepromWrite   0x002162    program     extern C:\Users\DPTP\Google Drive\DPTP\PIC_Programozas\P18F452\VGM_YM2612_SN76489\function.h
                 FLO0832S   0x003436    program     extern E:\3.46\pic18-lt\cxx-framework\src\traditional\math\cast08FP.asm
                 FLO0832U   0x003432    program     extern E:\3.46\pic18-lt\cxx-framework\src\traditional\math\cast08FP.asm
                 FLO1632S   0x003458    program     extern E:\3.46\pic18-lt\cxx-framework\src\traditional\math\cast16FP.asm
                 FLO1632U   0x003454    program     extern E:\3.46\pic18-lt\cxx-framework\src\traditional\math\cast16FP.asm
                    FPA32   0x003480    program     extern E:\3.46\pic18-lt\cxx-framework\src\traditional\math\addFP.asm
                    FPD32   0x0035ac    program     extern E:\3.46\pic18-lt\cxx-framework\src\traditional\math\divFP.asm
                    FPS32   0x00347e    program     extern E:\3.46\pic18-lt\cxx-framework\src\traditional\math\addFP.asm
                 FXD1616U   0x003912    program     extern E:\3.46\pic18-lt\cxx-framework\src\traditional\math\fxd1616u.c
                 FXD3232U   0x003896    program     extern E:\3.46\pic18-lt\cxx-framework\src\traditional\math\fxd3232u.c
                 FXM1616U   0x003652    program     extern E:\3.46\pic18-lt\cxx-framework\src\traditional\math\fxm1616u.asm
              FastMemRead   0x0004bc    program     extern C:\Users\DPTP\Google Drive\DPTP\PIC_Programozas\P18F452\VGM_YM2612_SN76489\function.h
             FastMemWrite   0x00041e    program     extern C:\Users\DPTP\Google Drive\DPTP\PIC_Programozas\P18F452\VGM_YM2612_SN76489\function.h
            HighIntTimer0   0x0001b6    program     extern C:\Users\DPTP\Google Drive\DPTP\PIC_Programozas\P18F452\VGM_YM2612_SN76489\function.h
                  INT3216   0x00368e    program     extern E:\3.46\pic18-lt\cxx-framework\src\traditional\math\castFP16.asm
    LowInterruptIniTimer2   0x0001ce    program     extern C:\Users\DPTP\Google Drive\DPTP\PIC_Programozas\P18F452\VGM_YM2612_SN76489\function.h
                  MCUInit   0x000156    program     extern C:\Users\DPTP\Google Drive\DPTP\PIC_Programozas\P18F452\VGM_YM2612_SN76489\function.h
        MemBlockErase64Kb   0x0003c8    program     extern C:\Users\DPTP\Google Drive\DPTP\PIC_Programozas\P18F452\VGM_YM2612_SN76489\function.h
                 MemErase   0x00039e    program     extern C:\Users\DPTP\Google Drive\DPTP\PIC_Programozas\P18F452\VGM_YM2612_SN76489\function.h
                  MemRead   0x000350    program     extern C:\Users\DPTP\Google Drive\DPTP\PIC_Programozas\P18F452\VGM_YM2612_SN76489\function.h
              MemReadFast   0x000296    program     extern C:\Users\DPTP\Google Drive\DPTP\PIC_Programozas\P18F452\VGM_YM2612_SN76489\function.h
                 MemWrite   0x0002f2    program     extern C:\Users\DPTP\Google Drive\DPTP\PIC_Programozas\P18F452\VGM_YM2612_SN76489\function.h
                 OSC_Init   0x000212    program     extern C:\Users\DPTP\Google Drive\DPTP\PIC_Programozas\P18F452\VGM_YM2612_SN76489\function.h
                   Osztas   0x0020c0    program     extern C:\Users\DPTP\Google Drive\DPTP\PIC_Programozas\P18F452\VGM_YM2612_SN76489\function.h
              PCMJumpSave   0x001c30    program     extern C:\Users\DPTP\Google Drive\DPTP\PIC_Programozas\P18F452\VGM_YM2612_SN76489\function.h
       PICFlashBlockErase   0x001f64    program     extern C:\Users\DPTP\Google Drive\DPTP\PIC_Programozas\P18F452\VGM_YM2612_SN76489\function.h
       PICFlashBlockWrite   0x001fa0    program     extern C:\Users\DPTP\Google Drive\DPTP\PIC_Programozas\P18F452\VGM_YM2612_SN76489\function.h
         PICFlashReadByte   0x002078    program     static C:\Users\DPTP\Google Drive\DPTP\PIC_Programozas\P18F452\VGM_YM2612_SN76489\function.h
              PSG_Silence   0x0000ba    program     extern C:\Users\DPTP\Google Drive\DPTP\PIC_Programozas\P18F452\VGM_YM2612_SN76489\ym2612.h
         SN76489_SendByte   0x000094    program     extern C:\Users\DPTP\Google Drive\DPTP\PIC_Programozas\P18F452\VGM_YM2612_SN76489\ym2612.h
                      SPI   0x0001e8    program     extern C:\Users\DPTP\Google Drive\DPTP\PIC_Programozas\P18F452\VGM_YM2612_SN76489\function.h
               WaitForMem   0x00025c    program     extern C:\Users\DPTP\Google Drive\DPTP\PIC_Programozas\P18F452\VGM_YM2612_SN76489\function.h
               WaveSample   0x0005b8    program     extern C:\Users\DPTP\Google Drive\DPTP\PIC_Programozas\P18F452\VGM_YM2612_SN76489\function.h
             WaveSampleIf   0x00111e    program     extern C:\Users\DPTP\Google Drive\DPTP\PIC_Programozas\P18F452\VGM_YM2612_SN76489\function.h
              YM2612_Send   0x000102    program     extern C:\Users\DPTP\Google Drive\DPTP\PIC_Programozas\P18F452\VGM_YM2612_SN76489\ym2612.h
              _2jContinue   0x0038fe    program     static E:\3.46\pic18-lt\cxx-framework\src\traditional\stdclib\memset.asm
                   _3jEnd   0x003908    program     static E:\3.46\pic18-lt\cxx-framework\src\traditional\stdclib\memset.asm
        _D10TCYXCODE_000A   0x0039a4    program     static E:\3.46\pic18-lt\cxx-framework\src\traditional\delays\d10tcyx.asm
        _D10TCYXCODE_000C   0x0039a6    program     static E:\3.46\pic18-lt\cxx-framework\src\traditional\delays\d10tcyx.asm
        _D10TCYXCODE_000E   0x0039a8    program     static E:\3.46\pic18-lt\cxx-framework\src\traditional\delays\d10tcyx.asm
        _D1KTCYXCODE_0010   0x00394e    program     static E:\3.46\pic18-lt\cxx-framework\src\traditional\delays\d1ktcyx.asm
        _D1KTCYXCODE_0016   0x003954    program     static E:\3.46\pic18-lt\cxx-framework\src\traditional\delays\d1ktcyx.asm
                 __FpExit   0x0036f8    program     extern E:\3.46\pic18-lt\cxx-framework\src\traditional\math\packFP.asm
                 __FpPack   0x003724    program     extern E:\3.46\pic18-lt\cxx-framework\src\traditional\math\packFP.asm
            __FpReturnNaN   0x0036ec    program     extern E:\3.46\pic18-lt\cxx-framework\src\traditional\math\packFP.asm
         __FpReturnNegInf   0x0036fe    program     extern E:\3.46\pic18-lt\cxx-framework\src\traditional\math\packFP.asm
        __FpReturnNegZero   0x003716    program     extern E:\3.46\pic18-lt\cxx-framework\src\traditional\math\packFP.asm
         __FpReturnPosInf   0x003704    program     extern E:\3.46\pic18-lt\cxx-framework\src\traditional\math\packFP.asm
        __FpReturnPosZero   0x00371e    program     extern E:\3.46\pic18-lt\cxx-framework\src\traditional\math\packFP.asm
        __FpReturnSignInf   0x0036fa    program     extern E:\3.46\pic18-lt\cxx-framework\src\traditional\math\packFP.asm
       __FpReturnSignZero   0x003712    program     extern E:\3.46\pic18-lt\cxx-framework\src\traditional\math\packFP.asm
              __FpReturnW   0x00377c    program     extern E:\3.46\pic18-lt\cxx-framework\src\traditional\math\packFP.asm
              __FpUnPackA   0x00379c    program     extern E:\3.46\pic18-lt\cxx-framework\src\traditional\math\UnpackFP.asm
              __FpUnPackB   0x0037cc    program     extern E:\3.46\pic18-lt\cxx-framework\src\traditional\math\UnpackFP.asm
     ___case_102_lbl00203   0x0010ec    program     static                          
     ___case_103_lbl00110   0x000a82    program     static                          
     ___case_112_lbl00145   0x000dac    program     static                          
     ___case_113_lbl00144   0x000dac    program     static                          
     ___case_114_lbl00143   0x000dac    program     static                          
     ___case_115_lbl00142   0x000dac    program     static                          
     ___case_116_lbl00141   0x000dac    program     static                          
     ___case_117_lbl00140   0x000dac    program     static                          
     ___case_118_lbl00139   0x000dac    program     static                          
     ___case_119_lbl00138   0x000dac    program     static                          
     ___case_120_lbl00137   0x000dac    program     static                          
     ___case_121_lbl00136   0x000dac    program     static                          
     ___case_122_lbl00135   0x000dac    program     static                          
     ___case_123_lbl00134   0x000dac    program     static                          
     ___case_124_lbl00133   0x000dac    program     static                          
     ___case_125_lbl00132   0x000dac    program     static                          
     ___case_126_lbl00131   0x000dac    program     static                          
     ___case_127_lbl00130   0x000dac    program     static                          
     ___case_128_lbl00161   0x000e24    program     static                          
     ___case_129_lbl00160   0x000e24    program     static                          
     ___case_130_lbl00159   0x000e24    program     static                          
     ___case_131_lbl00158   0x000e24    program     static                          
     ___case_132_lbl00157   0x000e24    program     static                          
     ___case_133_lbl00156   0x000e24    program     static                          
     ___case_134_lbl00155   0x000e24    program     static                          
     ___case_135_lbl00154   0x000e24    program     static                          
     ___case_136_lbl00153   0x000e24    program     static                          
     ___case_137_lbl00152   0x000e24    program     static                          
     ___case_138_lbl00151   0x000e24    program     static                          
     ___case_139_lbl00150   0x000e24    program     static                          
     ___case_140_lbl00149   0x000e24    program     static                          
     ___case_141_lbl00148   0x000e24    program     static                          
     ___case_142_lbl00147   0x000e24    program     static                          
     ___case_143_lbl00146   0x000e24    program     static                          
     ___case_224_lbl00202   0x000f46    program     static                          
      ___case_79_lbl00070   0x000746    program     static                          
      ___case_80_lbl00071   0x000782    program     static                          
      ___case_82_lbl00073   0x0007b6    program     static                          
      ___case_83_lbl00072   0x0007b6    program     static                          
      ___case_97_lbl00094   0x00088c    program     static                          
      ___case_98_lbl00108   0x0009f2    program     static                          
      ___case_99_lbl00109   0x000a3a    program     static                          
      ___default_lbl00204   0x0010fe    program     static                          
         ___else_lbl00129   0x000d6a    program     static                          
         ___else_lbl00173   0x000e7e    program     static                          
         ___else_lbl00201   0x001010    program     static                          
         ___else_lbl00268   0x001832    program     static                          
         ___else_lbl00282   0x00197e    program     static                          
         ___else_lbl00310   0x001b1c    program     static                          
         ___else_lbl00312   0x001c16    program     static                          
         ___else_lbl00314   0x001bfa    program     static                          
         ___else_lbl00316   0x001a48    program     static                          
         ___else_lbl00318   0x001908    program     static                          
         ___else_lbl00320   0x001876    program     static                          
         ___else_lbl00322   0x001540    program     static                          
         ___else_lbl00324   0x0014ee    program     static                          
         ___else_lbl00326   0x00149c    program     static                          
         ___else_lbl00328   0x00132a    program     static                          
         ___else_lbl00330   0x00123e    program     static                          
         ___else_lbl00332   0x0011fa    program     static                          
         ___else_lbl00500   0x002a2c    program     static                          
         ___else_lbl00514   0x002b6e    program     static                          
         ___else_lbl00542   0x002d02    program     static                          
         ___else_lbl00544   0x002dfc    program     static                          
         ___else_lbl00546   0x002de0    program     static                          
         ___else_lbl00548   0x002c2e    program     static                          
         ___else_lbl00550   0x002af8    program     static                          
         ___else_lbl00552   0x002a70    program     static                          
         ___else_lbl00554   0x00273e    program     static                          
         ___else_lbl00556   0x0026f6    program     static                          
         ___else_lbl00558   0x0026ae    program     static                          
         ___else_lbl00560   0x002546    program     static                          
         ___else_lbl00562   0x00245c    program     static                          
         ___else_lbl00564   0x0023e4    program     static                          
          ___for_lbl00095   0x000994    program     static                          
          ___for_lbl00096   0x0009a0    program     static                          
          ___for_lbl00107   0x0008a0    program     static                          
          ___for_lbl00111   0x000b1e    program     static                          
          ___for_lbl00112   0x000b2a    program     static                          
          ___for_lbl00113   0x000aa2    program     static                          
          ___for_lbl00117   0x000bfe    program     static                          
          ___for_lbl00118   0x000c0a    program     static                          
          ___for_lbl00119   0x000bb0    program     static                          
          ___for_lbl00121   0x000d46    program     static                          
          ___for_lbl00122   0x000d52    program     static                          
          ___for_lbl00123   0x000ce8    program     static                          
          ___for_lbl00124   0x000cf4    program     static                          
          ___for_lbl00125   0x000c8e    program     static                          
          ___for_lbl00126   0x000c68    program     static                          
          ___for_lbl00174   0x001002    program     static                          
          ___for_lbl00175   0x00100e    program     static                          
          ___for_lbl00186   0x000f5a    program     static                          
          ___for_lbl00187   0x0010da    program     static                          
          ___for_lbl00188   0x0010e6    program     static                          
          ___for_lbl00199   0x001028    program     static                          
          ___for_lbl00237   0x00143c    program     static                          
          ___for_lbl00238   0x001448    program     static                          
          ___for_lbl00249   0x001348    program     static                          
          ___for_lbl00250   0x0015e6    program     static                          
          ___for_lbl00251   0x0015f2    program     static                          
          ___for_lbl00252   0x00156a    program     static                          
          ___for_lbl00256   0x0016c6    program     static                          
          ___for_lbl00257   0x0016d2    program     static                          
          ___for_lbl00258   0x001678    program     static                          
          ___for_lbl00260   0x00180e    program     static                          
          ___for_lbl00261   0x00181a    program     static                          
          ___for_lbl00262   0x0017b0    program     static                          
          ___for_lbl00263   0x0017bc    program     static                          
          ___for_lbl00264   0x001756    program     static                          
          ___for_lbl00265   0x001730    program     static                          
          ___for_lbl00283   0x001b0e    program     static                          
          ___for_lbl00284   0x001b1a    program     static                          
          ___for_lbl00295   0x001a66    program     static                          
          ___for_lbl00296   0x001be6    program     static                          
          ___for_lbl00297   0x001bf2    program     static                          
          ___for_lbl00308   0x001b34    program     static                          
          ___for_lbl00390   0x00203e    program     static                          
          ___for_lbl00391   0x002064    program     static                          
          ___for_lbl00392   0x00201a    program     static                          
          ___for_lbl00393   0x00201e    program     static                          
          ___for_lbl00394   0x001fe6    program     static                          
          ___for_lbl00397   0x001fce    program     static                          
          ___for_lbl00469   0x002658    program     static                          
          ___for_lbl00470   0x002664    program     static                          
          ___for_lbl00481   0x002564    program     static                          
          ___for_lbl00482   0x0027e4    program     static                          
          ___for_lbl00483   0x0027f0    program     static                          
          ___for_lbl00484   0x002768    program     static                          
          ___for_lbl00488   0x0028c0    program     static                          
          ___for_lbl00489   0x0028cc    program     static                          
          ___for_lbl00490   0x002872    program     static                          
          ___for_lbl00492   0x002a08    program     static                          
          ___for_lbl00493   0x002a14    program     static                          
          ___for_lbl00494   0x0029aa    program     static                          
          ___for_lbl00495   0x0029b6    program     static                          
          ___for_lbl00496   0x002950    program     static                          
          ___for_lbl00497   0x00292a    program     static                          
          ___for_lbl00515   0x002cf4    program     static                          
          ___for_lbl00516   0x002d00    program     static                          
          ___for_lbl00527   0x002c4c    program     static                          
          ___for_lbl00528   0x002dcc    program     static                          
          ___for_lbl00529   0x002dd8    program     static                          
          ___for_lbl00540   0x002d1a    program     static                          
           ___if_lbl00116   0x000ba8    program     static                          
           ___if_lbl00120   0x000c60    program     static                          
           ___if_lbl00127   0x000d90    program     static                          
           ___if_lbl00128   0x000da6    program     static                          
           ___if_lbl00172   0x000ed8    program     static                          
           ___if_lbl00200   0x0010e6    program     static                          
           ___if_lbl00255   0x001670    program     static                          
           ___if_lbl00259   0x001728    program     static                          
           ___if_lbl00266   0x001858    program     static                          
           ___if_lbl00267   0x00186e    program     static                          
           ___if_lbl00281   0x0019d8    program     static                          
           ___if_lbl00309   0x001bf2    program     static                          
           ___if_lbl00311   0x001c1c    program     static                          
           ___if_lbl00313   0x001c1c    program     static                          
           ___if_lbl00315   0x001c1c    program     static                          
           ___if_lbl00317   0x001c1c    program     static                          
           ___if_lbl00319   0x001c1c    program     static                          
           ___if_lbl00321   0x001c1c    program     static                          
           ___if_lbl00323   0x001c1c    program     static                          
           ___if_lbl00325   0x001c1c    program     static                          
           ___if_lbl00327   0x001c1c    program     static                          
           ___if_lbl00329   0x001c1c    program     static                          
           ___if_lbl00331   0x001c1c    program     static                          
           ___if_lbl00416   0x0022ee    program     static                          
           ___if_lbl00487   0x00286a    program     static                          
           ___if_lbl00491   0x002922    program     static                          
           ___if_lbl00498   0x002a52    program     static                          
           ___if_lbl00499   0x002a68    program     static                          
           ___if_lbl00513   0x002bc8    program     static                          
           ___if_lbl00541   0x002dd8    program     static                          
           ___if_lbl00543   0x002e02    program     static                          
           ___if_lbl00545   0x002e02    program     static                          
           ___if_lbl00547   0x002e02    program     static                          
           ___if_lbl00549   0x002e02    program     static                          
           ___if_lbl00551   0x002e02    program     static                          
           ___if_lbl00553   0x002e02    program     static                          
           ___if_lbl00555   0x002e02    program     static                          
           ___if_lbl00557   0x002e02    program     static                          
           ___if_lbl00559   0x002e02    program     static                          
           ___if_lbl00561   0x002e02    program     static                          
           ___if_lbl00563   0x002e02    program     static                          
           ___if_lbl00565   0x002e08    program     static                          
           ___if_lbl00566   0x002e0c    program     static                          
       ___return_lbl00000   0x0038dc    program     static                          
       ___return_lbl00000   0x00393c    program     static                          
       ___return_lbl00000   0x000004    program     static                          
       ___return_lbl00001   0x003998    program     static                          
       ___return_lbl00002   0x003894    program     static                          
       ___return_lbl00058   0x00110a    program     static                          
       ___return_lbl00205   0x001c1c    program     static                          
       ___return_lbl00386   0x001f98    program     static                          
       ___return_lbl00389   0x002064    program     static                          
       ___return_lbl00398   0x0020a8    program     static                          
       ___return_lbl00406   0x00000c    program     static                          
       ___return_lbl00407   0x00001c    program     static                          
       ___return_lbl00415   0x002e0c    program     static                          
   ___switchexit_lbl00069   0x001104    program     static                          
        ___while_lbl00059   0x000604    program     static                          
        ___while_lbl00060   0x000608    program     static                          
        ___while_lbl00061   0x000612    program     static                          
        ___while_lbl00062   0x000616    program     static                          
        ___while_lbl00063   0x000620    program     static                          
        ___while_lbl00064   0x000624    program     static                          
        ___while_lbl00065   0x00062e    program     static                          
        ___while_lbl00066   0x000632    program     static                          
        ___while_lbl00067   0x00063a    program     static                          
        ___while_lbl00068   0x00063e    program     static                          
        ___while_lbl00074   0x0007ce    program     static                          
        ___while_lbl00075   0x0007d2    program     static                          
        ___while_lbl00076   0x0007dc    program     static                          
        ___while_lbl00077   0x0007e0    program     static                          
        ___while_lbl00078   0x0007ea    program     static                          
        ___while_lbl00079   0x0007ee    program     static                          
        ___while_lbl00080   0x0007f8    program     static                          
        ___while_lbl00081   0x0007fc    program     static                          
        ___while_lbl00082   0x000804    program     static                          
        ___while_lbl00083   0x000808    program     static                          
        ___while_lbl00084   0x000828    program     static                          
        ___while_lbl00085   0x00082c    program     static                          
        ___while_lbl00086   0x000836    program     static                          
        ___while_lbl00087   0x00083a    program     static                          
        ___while_lbl00088   0x000844    program     static                          
        ___while_lbl00089   0x000848    program     static                          
        ___while_lbl00090   0x000852    program     static                          
        ___while_lbl00091   0x000856    program     static                          
        ___while_lbl00092   0x00085e    program     static                          
        ___while_lbl00093   0x000862    program     static                          
        ___while_lbl00097   0x0008ce    program     static                          
        ___while_lbl00098   0x0008d2    program     static                          
        ___while_lbl00099   0x0008dc    program     static                          
        ___while_lbl00100   0x0008e0    program     static                          
        ___while_lbl00101   0x0008ea    program     static                          
        ___while_lbl00102   0x0008ee    program     static                          
        ___while_lbl00103   0x0008f8    program     static                          
        ___while_lbl00104   0x0008fc    program     static                          
        ___while_lbl00105   0x000904    program     static                          
        ___while_lbl00106   0x000908    program     static                          
        ___while_lbl00162   0x000e96    program     static                          
        ___while_lbl00163   0x000e9a    program     static                          
        ___while_lbl00164   0x000ea4    program     static                          
        ___while_lbl00165   0x000ea8    program     static                          
        ___while_lbl00166   0x000eb2    program     static                          
        ___while_lbl00167   0x000eb6    program     static                          
        ___while_lbl00168   0x000ec0    program     static                          
        ___while_lbl00169   0x000ec4    program     static                          
        ___while_lbl00170   0x000ecc    program     static                          
        ___while_lbl00171   0x000ed0    program     static                          
        ___while_lbl00176   0x000f88    program     static                          
        ___while_lbl00177   0x000f8c    program     static                          
        ___while_lbl00178   0x000f96    program     static                          
        ___while_lbl00179   0x000f9a    program     static                          
        ___while_lbl00180   0x000fa4    program     static                          
        ___while_lbl00181   0x000fa8    program     static                          
        ___while_lbl00182   0x000fb2    program     static                          
        ___while_lbl00183   0x000fb6    program     static                          
        ___while_lbl00184   0x000fbe    program     static                          
        ___while_lbl00185   0x000fc2    program     static                          
        ___while_lbl00189   0x001056    program     static                          
        ___while_lbl00190   0x00105a    program     static                          
        ___while_lbl00191   0x001064    program     static                          
        ___while_lbl00192   0x001068    program     static                          
        ___while_lbl00193   0x001072    program     static                          
        ___while_lbl00194   0x001076    program     static                          
        ___while_lbl00195   0x001080    program     static                          
        ___while_lbl00196   0x001084    program     static                          
        ___while_lbl00197   0x00108c    program     static                          
        ___while_lbl00198   0x001090    program     static                          
        ___while_lbl00206   0x00116a    program     static                          
        ___while_lbl00207   0x00116e    program     static                          
        ___while_lbl00208   0x001178    program     static                          
        ___while_lbl00209   0x00117c    program     static                          
        ___while_lbl00210   0x001186    program     static                          
        ___while_lbl00211   0x00118a    program     static                          
        ___while_lbl00212   0x001194    program     static                          
        ___while_lbl00213   0x001198    program     static                          
        ___while_lbl00214   0x0011a0    program     static                          
        ___while_lbl00215   0x0011a4    program     static                          
        ___while_lbl00217   0x001266    program     static                          
        ___while_lbl00218   0x00126a    program     static                          
        ___while_lbl00219   0x001274    program     static                          
        ___while_lbl00220   0x001278    program     static                          
        ___while_lbl00221   0x001282    program     static                          
        ___while_lbl00222   0x001286    program     static                          
        ___while_lbl00223   0x001290    program     static                          
        ___while_lbl00224   0x001294    program     static                          
        ___while_lbl00225   0x00129c    program     static                          
        ___while_lbl00226   0x0012a0    program     static                          
        ___while_lbl00227   0x0012c0    program     static                          
        ___while_lbl00228   0x0012c4    program     static                          
        ___while_lbl00229   0x0012ce    program     static                          
        ___while_lbl00230   0x0012d2    program     static                          
        ___while_lbl00231   0x0012dc    program     static                          
        ___while_lbl00232   0x0012e0    program     static                          
        ___while_lbl00233   0x0012ea    program     static                          
        ___while_lbl00234   0x0012ee    program     static                          
        ___while_lbl00235   0x0012f6    program     static                          
        ___while_lbl00236   0x0012fa    program     static                          
        ___while_lbl00239   0x001376    program     static                          
        ___while_lbl00240   0x00137a    program     static                          
        ___while_lbl00241   0x001384    program     static                          
        ___while_lbl00242   0x001388    program     static                          
        ___while_lbl00243   0x001392    program     static                          
        ___while_lbl00244   0x001396    program     static                          
        ___while_lbl00245   0x0013a0    program     static                          
        ___while_lbl00246   0x0013a4    program     static                          
        ___while_lbl00247   0x0013ac    program     static                          
        ___while_lbl00248   0x0013b0    program     static                          
        ___while_lbl00271   0x001996    program     static                          
        ___while_lbl00272   0x00199a    program     static                          
        ___while_lbl00273   0x0019a4    program     static                          
        ___while_lbl00274   0x0019a8    program     static                          
        ___while_lbl00275   0x0019b2    program     static                          
        ___while_lbl00276   0x0019b6    program     static                          
        ___while_lbl00277   0x0019c0    program     static                          
        ___while_lbl00278   0x0019c4    program     static                          
        ___while_lbl00279   0x0019cc    program     static                          
        ___while_lbl00280   0x0019d0    program     static                          
        ___while_lbl00285   0x001a94    program     static                          
        ___while_lbl00286   0x001a98    program     static                          
        ___while_lbl00287   0x001aa2    program     static                          
        ___while_lbl00288   0x001aa6    program     static                          
        ___while_lbl00289   0x001ab0    program     static                          
        ___while_lbl00290   0x001ab4    program     static                          
        ___while_lbl00291   0x001abe    program     static                          
        ___while_lbl00292   0x001ac2    program     static                          
        ___while_lbl00293   0x001aca    program     static                          
        ___while_lbl00294   0x001ace    program     static                          
        ___while_lbl00298   0x001b62    program     static                          
        ___while_lbl00299   0x001b66    program     static                          
        ___while_lbl00300   0x001b70    program     static                          
        ___while_lbl00301   0x001b74    program     static                          
        ___while_lbl00302   0x001b7e    program     static                          
        ___while_lbl00303   0x001b82    program     static                          
        ___while_lbl00304   0x001b8c    program     static                          
        ___while_lbl00305   0x001b90    program     static                          
        ___while_lbl00306   0x001b98    program     static                          
        ___while_lbl00307   0x001b9c    program     static                          
        ___while_lbl00387   0x001f8e    program     static                          
        ___while_lbl00388   0x001f92    program     static                          
        ___while_lbl00395   0x002032    program     static                          
        ___while_lbl00396   0x002036    program     static                          
        ___while_lbl00418   0x002320    program     static                          
        ___while_lbl00419   0x002324    program     static                          
        ___while_lbl00420   0x00232e    program     static                          
        ___while_lbl00421   0x002332    program     static                          
        ___while_lbl00422   0x00233c    program     static                          
        ___while_lbl00423   0x002340    program     static                          
        ___while_lbl00424   0x00234a    program     static                          
        ___while_lbl00425   0x00234e    program     static                          
        ___while_lbl00426   0x002356    program     static                          
        ___while_lbl00427   0x00235a    program     static                          
        ___while_lbl00428   0x00238c    program     static                          
        ___while_lbl00429   0x002390    program     static                          
        ___while_lbl00430   0x00239a    program     static                          
        ___while_lbl00431   0x00239e    program     static                          
        ___while_lbl00432   0x0023a8    program     static                          
        ___while_lbl00433   0x0023ac    program     static                          
        ___while_lbl00434   0x0023b6    program     static                          
        ___while_lbl00435   0x0023ba    program     static                          
        ___while_lbl00436   0x0023c2    program     static                          
        ___while_lbl00437   0x0023c6    program     static                          
        ___while_lbl00438   0x002404    program     static                          
        ___while_lbl00439   0x002408    program     static                          
        ___while_lbl00440   0x002412    program     static                          
        ___while_lbl00441   0x002416    program     static                          
        ___while_lbl00442   0x002420    program     static                          
        ___while_lbl00443   0x002424    program     static                          
        ___while_lbl00444   0x00242e    program     static                          
        ___while_lbl00445   0x002432    program     static                          
        ___while_lbl00446   0x00243a    program     static                          
        ___while_lbl00447   0x00243e    program     static                          
        ___while_lbl00449   0x002484    program     static                          
        ___while_lbl00450   0x002488    program     static                          
        ___while_lbl00451   0x002492    program     static                          
        ___while_lbl00452   0x002496    program     static                          
        ___while_lbl00453   0x0024a0    program     static                          
        ___while_lbl00454   0x0024a4    program     static                          
        ___while_lbl00455   0x0024ae    program     static                          
        ___while_lbl00456   0x0024b2    program     static                          
        ___while_lbl00457   0x0024ba    program     static                          
        ___while_lbl00458   0x0024be    program     static                          
        ___while_lbl00459   0x0024de    program     static                          
        ___while_lbl00460   0x0024e2    program     static                          
        ___while_lbl00461   0x0024ec    program     static                          
        ___while_lbl00462   0x0024f0    program     static                          
        ___while_lbl00463   0x0024fa    program     static                          
        ___while_lbl00464   0x0024fe    program     static                          
        ___while_lbl00465   0x002508    program     static                          
        ___while_lbl00466   0x00250c    program     static                          
        ___while_lbl00467   0x002514    program     static                          
        ___while_lbl00468   0x002518    program     static                          
        ___while_lbl00471   0x002592    program     static                          
        ___while_lbl00472   0x002596    program     static                          
        ___while_lbl00473   0x0025a0    program     static                          
        ___while_lbl00474   0x0025a4    program     static                          
        ___while_lbl00475   0x0025ae    program     static                          
        ___while_lbl00476   0x0025b2    program     static                          
        ___while_lbl00477   0x0025bc    program     static                          
        ___while_lbl00478   0x0025c0    program     static                          
        ___while_lbl00479   0x0025c8    program     static                          
        ___while_lbl00480   0x0025cc    program     static                          
        ___while_lbl00503   0x002b86    program     static                          
        ___while_lbl00504   0x002b8a    program     static                          
        ___while_lbl00505   0x002b94    program     static                          
        ___while_lbl00506   0x002b98    program     static                          
        ___while_lbl00507   0x002ba2    program     static                          
        ___while_lbl00508   0x002ba6    program     static                          
        ___while_lbl00509   0x002bb0    program     static                          
        ___while_lbl00510   0x002bb4    program     static                          
        ___while_lbl00511   0x002bbc    program     static                          
        ___while_lbl00512   0x002bc0    program     static                          
        ___while_lbl00517   0x002c7a    program     static                          
        ___while_lbl00518   0x002c7e    program     static                          
        ___while_lbl00519   0x002c88    program     static                          
        ___while_lbl00520   0x002c8c    program     static                          
        ___while_lbl00521   0x002c96    program     static                          
        ___while_lbl00522   0x002c9a    program     static                          
        ___while_lbl00523   0x002ca4    program     static                          
        ___while_lbl00524   0x002ca8    program     static                          
        ___while_lbl00525   0x002cb0    program     static                          
        ___while_lbl00526   0x002cb4    program     static                          
        ___while_lbl00530   0x002d48    program     static                          
        ___while_lbl00531   0x002d4c    program     static                          
        ___while_lbl00532   0x002d56    program     static                          
        ___while_lbl00533   0x002d5a    program     static                          
        ___while_lbl00534   0x002d64    program     static                          
        ___while_lbl00535   0x002d68    program     static                          
        ___while_lbl00536   0x002d72    program     static                          
        ___while_lbl00537   0x002d76    program     static                          
        ___while_lbl00538   0x002d7e    program     static                          
        ___while_lbl00539   0x002d82    program     static                          
               __config_0   0x300001    program     static C:\Users\DPTP\Google Drive\DPTP\PIC_Programozas\P18F452\VGM_YM2612_SN76489\main.c
               __config_1   0x300002    program     static C:\Users\DPTP\Google Drive\DPTP\PIC_Programozas\P18F452\VGM_YM2612_SN76489\main.c
              __config_10   0x30000d    program     static C:\Users\DPTP\Google Drive\DPTP\PIC_Programozas\P18F452\VGM_YM2612_SN76489\main.c
               __config_2   0x300003    program     static C:\Users\DPTP\Google Drive\DPTP\PIC_Programozas\P18F452\VGM_YM2612_SN76489\main.c
               __config_3   0x300005    program     static C:\Users\DPTP\Google Drive\DPTP\PIC_Programozas\P18F452\VGM_YM2612_SN76489\main.c
               __config_4   0x300006    program     static C:\Users\DPTP\Google Drive\DPTP\PIC_Programozas\P18F452\VGM_YM2612_SN76489\main.c
               __config_5   0x300008    program     static C:\Users\DPTP\Google Drive\DPTP\PIC_Programozas\P18F452\VGM_YM2612_SN76489\main.c
               __config_6   0x300009    program     static C:\Users\DPTP\Google Drive\DPTP\PIC_Programozas\P18F452\VGM_YM2612_SN76489\main.c
               __config_7   0x30000a    program     static C:\Users\DPTP\Google Drive\DPTP\PIC_Programozas\P18F452\VGM_YM2612_SN76489\main.c
               __config_8   0x30000b    program     static C:\Users\DPTP\Google Drive\DPTP\PIC_Programozas\P18F452\VGM_YM2612_SN76489\main.c
               __config_9   0x30000c    program     static C:\Users\DPTP\Google Drive\DPTP\PIC_Programozas\P18F452\VGM_YM2612_SN76489\main.c
                   __init   0x000006    program     extern E:\3.46\pic18-lt\cxx-framework\src\traditional\stdclib\__init.c
               __tmplbl_0   0x000b52    program     static                          
               __tmplbl_1   0x000b4a    program     static                          
              __tmplbl_10   0x001924    program     static                          
              __tmplbl_11   0x00191a    program     static                          
              __tmplbl_12   0x002304    program     static                          
              __tmplbl_13   0x0022fa    program     static                          
              __tmplbl_14   0x00246c    program     static                          
              __tmplbl_15   0x002464    program     static                          
              __tmplbl_16   0x002818    program     static                          
              __tmplbl_17   0x002810    program     static                          
              __tmplbl_18   0x002800    program     static                          
              __tmplbl_19   0x002a88    program     static                          
               __tmplbl_2   0x000b3a    program     static                          
              __tmplbl_20   0x002a80    program     static                          
              __tmplbl_21   0x002b14    program     static                          
              __tmplbl_22   0x002b0a    program     static                          
               __tmplbl_3   0x00124e    program     static                          
               __tmplbl_4   0x001246    program     static                          
               __tmplbl_5   0x00161a    program     static                          
               __tmplbl_6   0x001612    program     static                          
               __tmplbl_7   0x001602    program     static                          
               __tmplbl_8   0x00188e    program     static                          
               __tmplbl_9   0x001886    program     static                          
            __zero_memory   0x00395e    program     extern E:\3.46\pic18-lt\cxx-framework\src\traditional\proc\p18f452.asm
                _do_cinit   0x0037f8    program     extern E:\3.46\pic18-lt\cxx-framework\src\traditional\startup\c018i.c
                   _entry   0x000000    program     extern E:\3.46\pic18-lt\cxx-framework\src\traditional\startup\c018i.c
                   _false   0x0038d8    program     static                          
                 _startup   0x00397e    program     extern E:\3.46\pic18-lt\cxx-framework\src\traditional\startup\c018i.c
                compare_l   0x003974    program     static E:\3.46\pic18-lt\cxx-framework\src\traditional\proc\p18f452.asm
                copy_loop   0x00386a    program     static                          
            copy_one_byte   0x003870    program     static                          
                     done   0x003894    program     static                          
             done_copying   0x00387e    program     static                          
                  endloop   0x003938    program     static                          
                   hi_isr   0x002194    program     extern C:\Users\DPTP\Google Drive\DPTP\PIC_Programozas\P18F452\VGM_YM2612_SN76489\interrupt.h
              high_vector   0x000008    program     extern C:\Users\DPTP\Google Drive\DPTP\PIC_Programozas\P18F452\VGM_YM2612_SN76489\interrupt.h
               init_usart   0x00057e    program     extern C:\Users\DPTP\Google Drive\DPTP\PIC_Programozas\P18F452\VGM_YM2612_SN76489\function.h
                 jANotInf   0x0035ca    program     static E:\3.46\pic18-lt\cxx-framework\src\traditional\math\divFP.asm
                 jANotInf   0x0034a8    program     static E:\3.46\pic18-lt\cxx-framework\src\traditional\math\addFP.asm
                 jANotNeg   0x00353c    program     static E:\3.46\pic18-lt\cxx-framework\src\traditional\math\addFP.asm
                jANotZero   0x0035de    program     static E:\3.46\pic18-lt\cxx-framework\src\traditional\math\divFP.asm
              jAandWsetup   0x00350c    program     static E:\3.46\pic18-lt\cxx-framework\src\traditional\math\addFP.asm
                 jAltBexp   0x0034fa    program     static E:\3.46\pic18-lt\cxx-framework\src\traditional\math\addFP.asm
                jBANotInf   0x00349e    program     static E:\3.46\pic18-lt\cxx-framework\src\traditional\math\addFP.asm
                 jBNotInf   0x0034b6    program     static E:\3.46\pic18-lt\cxx-framework\src\traditional\math\addFP.asm
            jDifOrPosSign   0x0034ca    program     static E:\3.46\pic18-lt\cxx-framework\src\traditional\math\addFP.asm
                     jEnd   0x003910    program     static E:\3.46\pic18-lt\cxx-framework\src\traditional\stdclib\memset.asm
                    jExit   0x0036ea    program     static E:\3.46\pic18-lt\cxx-framework\src\traditional\math\castFP16.asm
               jFinalSign   0x0035a4    program     static E:\3.46\pic18-lt\cxx-framework\src\traditional\math\addFP.asm
                jI2F08Beg   0x003440    program     static E:\3.46\pic18-lt\cxx-framework\src\traditional\math\cast08FP.asm
                jI2F16Beg   0x003468    program     static E:\3.46\pic18-lt\cxx-framework\src\traditional\math\cast16FP.asm
                    jLoop   0x003606    program     static E:\3.46\pic18-lt\cxx-framework\src\traditional\math\divFP.asm
                    jLoop   0x0036ca    program     static E:\3.46\pic18-lt\cxx-framework\src\traditional\math\castFP16.asm
                    jLoop   0x0038f2    program     static E:\3.46\pic18-lt\cxx-framework\src\traditional\stdclib\memset.asm
                jLoopExit   0x0036da    program     static E:\3.46\pic18-lt\cxx-framework\src\traditional\math\castFP16.asm
                     jMax   0x00369e    program     static E:\3.46\pic18-lt\cxx-framework\src\traditional\math\castFP16.asm
                  jMaxNeg   0x0036ac    program     static E:\3.46\pic18-lt\cxx-framework\src\traditional\math\castFP16.asm
                  jMaxPos   0x0036a2    program     static E:\3.46\pic18-lt\cxx-framework\src\traditional\math\castFP16.asm
                    jNext   0x00362c    program     static E:\3.46\pic18-lt\cxx-framework\src\traditional\math\divFP.asm
                jNoAdjust   0x00362a    program     static E:\3.46\pic18-lt\cxx-framework\src\traditional\math\divFP.asm
             jNotBothZero   0x0034ce    program     static E:\3.46\pic18-lt\cxx-framework\src\traditional\math\addFP.asm
                  jNotInf   0x0036ba    program     static E:\3.46\pic18-lt\cxx-framework\src\traditional\math\castFP16.asm
                  jPkLoop   0x003732    program     static E:\3.46\pic18-lt\cxx-framework\src\traditional\math\packFP.asm
             jPkRoundDone   0x00377c    program     static E:\3.46\pic18-lt\cxx-framework\src\traditional\math\packFP.asm
               jPkRoundIt   0x003764    program     static E:\3.46\pic18-lt\cxx-framework\src\traditional\math\packFP.asm
             jPkShiftDone   0x00374e    program     static E:\3.46\pic18-lt\cxx-framework\src\traditional\math\packFP.asm
           jReturnPosInf0   0x003708    program     static E:\3.46\pic18-lt\cxx-framework\src\traditional\math\packFP.asm
               jShiftDone   0x003564    program     static E:\3.46\pic18-lt\cxx-framework\src\traditional\math\addFP.asm
               jShiftLoop   0x003556    program     static E:\3.46\pic18-lt\cxx-framework\src\traditional\math\addFP.asm
                jSignDone   0x003594    program     static E:\3.46\pic18-lt\cxx-framework\src\traditional\math\addFP.asm
              jSignedZero   0x0035d4    program     static E:\3.46\pic18-lt\cxx-framework\src\traditional\math\divFP.asm
                  jUnpkA1   0x0037a6    program     static E:\3.46\pic18-lt\cxx-framework\src\traditional\math\UnpackFP.asm
                  jUnpkA2   0x0037be    program     static E:\3.46\pic18-lt\cxx-framework\src\traditional\math\UnpackFP.asm
                 jUnpkANZ   0x0037b4    program     static E:\3.46\pic18-lt\cxx-framework\src\traditional\math\UnpackFP.asm
                  jUnpkB1   0x0037d6    program     static E:\3.46\pic18-lt\cxx-framework\src\traditional\math\UnpackFP.asm
                  jUnpkB2   0x0037ee    program     static E:\3.46\pic18-lt\cxx-framework\src\traditional\math\UnpackFP.asm
                 jUnpkBNZ   0x0037e4    program     static E:\3.46\pic18-lt\cxx-framework\src\traditional\math\UnpackFP.asm
                 jUnpkNaN   0x0037c8    program     static E:\3.46\pic18-lt\cxx-framework\src\traditional\math\UnpackFP.asm
                 jWNotNeg   0x003550    program     static E:\3.46\pic18-lt\cxx-framework\src\traditional\math\addFP.asm
                    jZero   0x0036b4    program     static E:\3.46\pic18-lt\cxx-framework\src\traditional\math\castFP16.asm
               jZero1and2   0x00370c    program     static E:\3.46\pic18-lt\cxx-framework\src\traditional\math\packFP.asm
                   lo_isr   0x00223a    program     extern C:\Users\DPTP\Google Drive\DPTP\PIC_Programozas\P18F452\VGM_YM2612_SN76489\interrupt.h
                     loop   0x00398e    program     static                          
                     loop   0x0038a4    program     static                          
                     loop   0x00391c    program     static                          
                   loop_h   0x00396c    program     static E:\3.46\pic18-lt\cxx-framework\src\traditional\proc\p18f452.asm
                   loop_l   0x003976    program     static E:\3.46\pic18-lt\cxx-framework\src\traditional\proc\p18f452.asm
               low_vector   0x000018    program     extern C:\Users\DPTP\Google Drive\DPTP\PIC_Programozas\P18F452\VGM_YM2612_SN76489\interrupt.h
                     main   0x002e74    program     extern C:\Users\DPTP\Google Drive\DPTP\PIC_Programozas\P18F452\VGM_YM2612_SN76489\main.c
                   memset   0x0038de    program     extern E:\3.46\pic18-lt\cxx-framework\src\traditional\stdclib\memset.asm
                read_uart   0x0005ac    program     extern C:\Users\DPTP\Google Drive\DPTP\PIC_Programozas\P18F452\VGM_YM2612_SN76489\function.h
                     test   0x003812    program     static                          
               write_uart   0x000592    program     extern C:\Users\DPTP\Google Drive\DPTP\PIC_Programozas\P18F452\VGM_YM2612_SN76489\function.h
               zero_block   0x00396c    program     static E:\3.46\pic18-lt\cxx-framework\src\traditional\proc\p18f452.asm
                   ADCON0   0x000fc2       data     extern E:\3.46\pic18-lt\cxx-framework\src\traditional\proc\p18f452.asm
               ADCON0bits   0x000fc2       data     extern E:\3.46\pic18-lt\cxx-framework\src\traditional\proc\p18f452.asm
                   ADCON1   0x000fc1       data     extern E:\3.46\pic18-lt\cxx-framework\src\traditional\proc\p18f452.asm
               ADCON1bits   0x000fc1       data     extern E:\3.46\pic18-lt\cxx-framework\src\traditional\proc\p18f452.asm
                    ADRES   0x000fc3       data     extern E:\3.46\pic18-lt\cxx-framework\src\traditional\proc\p18f452.asm
                   ADRESH   0x000fc4       data     extern E:\3.46\pic18-lt\cxx-framework\src\traditional\proc\p18f452.asm
                   ADRESL   0x000fc3       data     extern E:\3.46\pic18-lt\cxx-framework\src\traditional\proc\p18f452.asm
                      BSR   0x000fe0       data     extern E:\3.46\pic18-lt\cxx-framework\src\traditional\proc\p18f452.asm
                BuffIndex   0x0005ee       data     extern C:\Users\DPTP\Google Drive\DPTP\PIC_Programozas\P18F452\VGM_YM2612_SN76489\main.c
                   Buffer   0x00030c       data     extern C:\Users\DPTP\Google Drive\DPTP\PIC_Programozas\P18F452\VGM_YM2612_SN76489\main.c
                  Buffer2   0x00040c       data     extern C:\Users\DPTP\Google Drive\DPTP\PIC_Programozas\P18F452\VGM_YM2612_SN76489\main.c
                  BufferI   0x0005e2       data     extern C:\Users\DPTP\Google Drive\DPTP\PIC_Programozas\P18F452\VGM_YM2612_SN76489\main.c
               BufferSize   0x0005e4       data     extern C:\Users\DPTP\Google Drive\DPTP\PIC_Programozas\P18F452\VGM_YM2612_SN76489\main.c
                  CCP1CON   0x000fbd       data     extern E:\3.46\pic18-lt\cxx-framework\src\traditional\proc\p18f452.asm
              CCP1CONbits   0x000fbd       data     extern E:\3.46\pic18-lt\cxx-framework\src\traditional\proc\p18f452.asm
                  CCP2CON   0x000fba       data     extern E:\3.46\pic18-lt\cxx-framework\src\traditional\proc\p18f452.asm
              CCP2CONbits   0x000fba       data     extern E:\3.46\pic18-lt\cxx-framework\src\traditional\proc\p18f452.asm
                    CCPR1   0x000fbe       data     extern E:\3.46\pic18-lt\cxx-framework\src\traditional\proc\p18f452.asm
                   CCPR1H   0x000fbf       data     extern E:\3.46\pic18-lt\cxx-framework\src\traditional\proc\p18f452.asm
                   CCPR1L   0x000fbe       data     extern E:\3.46\pic18-lt\cxx-framework\src\traditional\proc\p18f452.asm
                    CCPR2   0x000fbb       data     extern E:\3.46\pic18-lt\cxx-framework\src\traditional\proc\p18f452.asm
                   CCPR2H   0x000fbc       data     extern E:\3.46\pic18-lt\cxx-framework\src\traditional\proc\p18f452.asm
                   CCPR2L   0x000fbb       data     extern E:\3.46\pic18-lt\cxx-framework\src\traditional\proc\p18f452.asm
                     DDRA   0x000f92       data     extern E:\3.46\pic18-lt\cxx-framework\src\traditional\proc\p18f452.asm
                 DDRAbits   0x000f92       data     extern E:\3.46\pic18-lt\cxx-framework\src\traditional\proc\p18f452.asm
                     DDRB   0x000f93       data     extern E:\3.46\pic18-lt\cxx-framework\src\traditional\proc\p18f452.asm
                 DDRBbits   0x000f93       data     extern E:\3.46\pic18-lt\cxx-framework\src\traditional\proc\p18f452.asm
                     DDRC   0x000f94       data     extern E:\3.46\pic18-lt\cxx-framework\src\traditional\proc\p18f452.asm
                 DDRCbits   0x000f94       data     extern E:\3.46\pic18-lt\cxx-framework\src\traditional\proc\p18f452.asm
                     DDRD   0x000f95       data     extern E:\3.46\pic18-lt\cxx-framework\src\traditional\proc\p18f452.asm
                 DDRDbits   0x000f95       data     extern E:\3.46\pic18-lt\cxx-framework\src\traditional\proc\p18f452.asm
                     DDRE   0x000f96       data     extern E:\3.46\pic18-lt\cxx-framework\src\traditional\proc\p18f452.asm
                 DDREbits   0x000f96       data     extern E:\3.46\pic18-lt\cxx-framework\src\traditional\proc\p18f452.asm
                 DataSize   0x0005e8       data     extern C:\Users\DPTP\Google Drive\DPTP\PIC_Programozas\P18F452\VGM_YM2612_SN76489\main.c
               DataSizePC   0x000308       data     extern C:\Users\DPTP\Google Drive\DPTP\PIC_Programozas\P18F452\VGM_YM2612_SN76489\main.c
            DelayCounter1   0x000024       data     extern E:\3.46\pic18-lt\cxx-framework\src\traditional\delays\delayd1.asm
                    EEADR   0x000fa9       data     extern E:\3.46\pic18-lt\cxx-framework\src\traditional\proc\p18f452.asm
                   EECON1   0x000fa6       data     extern E:\3.46\pic18-lt\cxx-framework\src\traditional\proc\p18f452.asm
               EECON1bits   0x000fa6       data     extern E:\3.46\pic18-lt\cxx-framework\src\traditional\proc\p18f452.asm
                   EECON2   0x000fa7       data     extern E:\3.46\pic18-lt\cxx-framework\src\traditional\proc\p18f452.asm
                   EEDATA   0x000fa8       data     extern E:\3.46\pic18-lt\cxx-framework\src\traditional\proc\p18f452.asm
                    Error   0x0005e6       data     extern C:\Users\DPTP\Google Drive\DPTP\PIC_Programozas\P18F452\VGM_YM2612_SN76489\main.c
                     FSR0   0x000fe9       data     extern E:\3.46\pic18-lt\cxx-framework\src\traditional\proc\p18f452.asm
                    FSR0H   0x000fea       data     extern E:\3.46\pic18-lt\cxx-framework\src\traditional\proc\p18f452.asm
                    FSR0L   0x000fe9       data     extern E:\3.46\pic18-lt\cxx-framework\src\traditional\proc\p18f452.asm
                     FSR1   0x000fe1       data     extern E:\3.46\pic18-lt\cxx-framework\src\traditional\proc\p18f452.asm
                    FSR1H   0x000fe2       data     extern E:\3.46\pic18-lt\cxx-framework\src\traditional\proc\p18f452.asm
                    FSR1L   0x000fe1       data     extern E:\3.46\pic18-lt\cxx-framework\src\traditional\proc\p18f452.asm
                     FSR2   0x000fd9       data     extern E:\3.46\pic18-lt\cxx-framework\src\traditional\proc\p18f452.asm
                    FSR2H   0x000fda       data     extern E:\3.46\pic18-lt\cxx-framework\src\traditional\proc\p18f452.asm
                    FSR2L   0x000fd9       data     extern E:\3.46\pic18-lt\cxx-framework\src\traditional\proc\p18f452.asm
                    INDF0   0x000fef       data     extern E:\3.46\pic18-lt\cxx-framework\src\traditional\proc\p18f452.asm
                    INDF1   0x000fe7       data     extern E:\3.46\pic18-lt\cxx-framework\src\traditional\proc\p18f452.asm
                    INDF2   0x000fdf       data     extern E:\3.46\pic18-lt\cxx-framework\src\traditional\proc\p18f452.asm
                   INTCON   0x000ff2       data     extern E:\3.46\pic18-lt\cxx-framework\src\traditional\proc\p18f452.asm
                  INTCON1   0x000ff2       data     extern E:\3.46\pic18-lt\cxx-framework\src\traditional\proc\p18f452.asm
              INTCON1bits   0x000ff2       data     extern E:\3.46\pic18-lt\cxx-framework\src\traditional\proc\p18f452.asm
                  INTCON2   0x000ff1       data     extern E:\3.46\pic18-lt\cxx-framework\src\traditional\proc\p18f452.asm
              INTCON2bits   0x000ff1       data     extern E:\3.46\pic18-lt\cxx-framework\src\traditional\proc\p18f452.asm
                  INTCON3   0x000ff0       data     extern E:\3.46\pic18-lt\cxx-framework\src\traditional\proc\p18f452.asm
              INTCON3bits   0x000ff0       data     extern E:\3.46\pic18-lt\cxx-framework\src\traditional\proc\p18f452.asm
               INTCONbits   0x000ff2       data     extern E:\3.46\pic18-lt\cxx-framework\src\traditional\proc\p18f452.asm
                     IPR1   0x000f9f       data     extern E:\3.46\pic18-lt\cxx-framework\src\traditional\proc\p18f452.asm
                 IPR1bits   0x000f9f       data     extern E:\3.46\pic18-lt\cxx-framework\src\traditional\proc\p18f452.asm
                     IPR2   0x000fa2       data     extern E:\3.46\pic18-lt\cxx-framework\src\traditional\proc\p18f452.asm
                 IPR2bits   0x000fa2       data     extern E:\3.46\pic18-lt\cxx-framework\src\traditional\proc\p18f452.asm
              JumpTableE0   0x00050c       data     extern C:\Users\DPTP\Google Drive\DPTP\PIC_Programozas\P18F452\VGM_YM2612_SN76489\main.c
                     LATA   0x000f89       data     extern E:\3.46\pic18-lt\cxx-framework\src\traditional\proc\p18f452.asm
                 LATAbits   0x000f89       data     extern E:\3.46\pic18-lt\cxx-framework\src\traditional\proc\p18f452.asm
                     LATB   0x000f8a       data     extern E:\3.46\pic18-lt\cxx-framework\src\traditional\proc\p18f452.asm
                 LATBbits   0x000f8a       data     extern E:\3.46\pic18-lt\cxx-framework\src\traditional\proc\p18f452.asm
                     LATC   0x000f8b       data     extern E:\3.46\pic18-lt\cxx-framework\src\traditional\proc\p18f452.asm
                 LATCbits   0x000f8b       data     extern E:\3.46\pic18-lt\cxx-framework\src\traditional\proc\p18f452.asm
                     LATD   0x000f8c       data     extern E:\3.46\pic18-lt\cxx-framework\src\traditional\proc\p18f452.asm
                 LATDbits   0x000f8c       data     extern E:\3.46\pic18-lt\cxx-framework\src\traditional\proc\p18f452.asm
                     LATE   0x000f8d       data     extern E:\3.46\pic18-lt\cxx-framework\src\traditional\proc\p18f452.asm
                 LATEbits   0x000f8d       data     extern E:\3.46\pic18-lt\cxx-framework\src\traditional\proc\p18f452.asm
                   LVDCON   0x000fd2       data     extern E:\3.46\pic18-lt\cxx-framework\src\traditional\proc\p18f452.asm
               LVDCONbits   0x000fd2       data     extern E:\3.46\pic18-lt\cxx-framework\src\traditional\proc\p18f452.asm
                   MemCim   0x000300       data     extern C:\Users\DPTP\Google Drive\DPTP\PIC_Programozas\P18F452\VGM_YM2612_SN76489\main.c
                   OSCCON   0x000fd3       data     extern E:\3.46\pic18-lt\cxx-framework\src\traditional\proc\p18f452.asm
               OSCCONbits   0x000fd3       data     extern E:\3.46\pic18-lt\cxx-framework\src\traditional\proc\p18f452.asm
                    Oszto   0x0005db       data     extern C:\Users\DPTP\Google Drive\DPTP\PIC_Programozas\P18F452\VGM_YM2612_SN76489\main.c
                       PC   0x000ff9       data     extern E:\3.46\pic18-lt\cxx-framework\src\traditional\proc\p18f452.asm
                      PCL   0x000ff9       data     extern E:\3.46\pic18-lt\cxx-framework\src\traditional\proc\p18f452.asm
                   PCLATH   0x000ffa       data     extern E:\3.46\pic18-lt\cxx-framework\src\traditional\proc\p18f452.asm
                   PCLATU   0x000ffb       data     extern E:\3.46\pic18-lt\cxx-framework\src\traditional\proc\p18f452.asm
              PCMDataSize   0x0005f0       data     extern C:\Users\DPTP\Google Drive\DPTP\PIC_Programozas\P18F452\VGM_YM2612_SN76489\main.c
             PCMJumpIndex   0x0005ec       data     extern C:\Users\DPTP\Google Drive\DPTP\PIC_Programozas\P18F452\VGM_YM2612_SN76489\main.c
                  PCMLoad   0x0005f2       data     extern C:\Users\DPTP\Google Drive\DPTP\PIC_Programozas\P18F452\VGM_YM2612_SN76489\main.c
                PCMMemAdr   0x000304       data     extern C:\Users\DPTP\Google Drive\DPTP\PIC_Programozas\P18F452\VGM_YM2612_SN76489\main.c
                     PIE1   0x000f9d       data     extern E:\3.46\pic18-lt\cxx-framework\src\traditional\proc\p18f452.asm
                 PIE1bits   0x000f9d       data     extern E:\3.46\pic18-lt\cxx-framework\src\traditional\proc\p18f452.asm
                     PIE2   0x000fa0       data     extern E:\3.46\pic18-lt\cxx-framework\src\traditional\proc\p18f452.asm
                 PIE2bits   0x000fa0       data     extern E:\3.46\pic18-lt\cxx-framework\src\traditional\proc\p18f452.asm
                     PIR1   0x000f9e       data     extern E:\3.46\pic18-lt\cxx-framework\src\traditional\proc\p18f452.asm
                 PIR1bits   0x000f9e       data     extern E:\3.46\pic18-lt\cxx-framework\src\traditional\proc\p18f452.asm
                     PIR2   0x000fa1       data     extern E:\3.46\pic18-lt\cxx-framework\src\traditional\proc\p18f452.asm
                 PIR2bits   0x000fa1       data     extern E:\3.46\pic18-lt\cxx-framework\src\traditional\proc\p18f452.asm
                   PLUSW0   0x000feb       data     extern E:\3.46\pic18-lt\cxx-framework\src\traditional\proc\p18f452.asm
                   PLUSW1   0x000fe3       data     extern E:\3.46\pic18-lt\cxx-framework\src\traditional\proc\p18f452.asm
                   PLUSW2   0x000fdb       data     extern E:\3.46\pic18-lt\cxx-framework\src\traditional\proc\p18f452.asm
                    PORTA   0x000f80       data     extern E:\3.46\pic18-lt\cxx-framework\src\traditional\proc\p18f452.asm
                PORTAbits   0x000f80       data     extern E:\3.46\pic18-lt\cxx-framework\src\traditional\proc\p18f452.asm
                    PORTB   0x000f81       data     extern E:\3.46\pic18-lt\cxx-framework\src\traditional\proc\p18f452.asm
                PORTBbits   0x000f81       data     extern E:\3.46\pic18-lt\cxx-framework\src\traditional\proc\p18f452.asm
                    PORTC   0x000f82       data     extern E:\3.46\pic18-lt\cxx-framework\src\traditional\proc\p18f452.asm
                PORTCbits   0x000f82       data     extern E:\3.46\pic18-lt\cxx-framework\src\traditional\proc\p18f452.asm
                    PORTD   0x000f83       data     extern E:\3.46\pic18-lt\cxx-framework\src\traditional\proc\p18f452.asm
                PORTDbits   0x000f83       data     extern E:\3.46\pic18-lt\cxx-framework\src\traditional\proc\p18f452.asm
                    PORTE   0x000f84       data     extern E:\3.46\pic18-lt\cxx-framework\src\traditional\proc\p18f452.asm
                PORTEbits   0x000f84       data     extern E:\3.46\pic18-lt\cxx-framework\src\traditional\proc\p18f452.asm
                 POSTDEC0   0x000fed       data     extern E:\3.46\pic18-lt\cxx-framework\src\traditional\proc\p18f452.asm
                 POSTDEC1   0x000fe5       data     extern E:\3.46\pic18-lt\cxx-framework\src\traditional\proc\p18f452.asm
                 POSTDEC2   0x000fdd       data     extern E:\3.46\pic18-lt\cxx-framework\src\traditional\proc\p18f452.asm
                 POSTINC0   0x000fee       data     extern E:\3.46\pic18-lt\cxx-framework\src\traditional\proc\p18f452.asm
                 POSTINC1   0x000fe6       data     extern E:\3.46\pic18-lt\cxx-framework\src\traditional\proc\p18f452.asm
                 POSTINC2   0x000fde       data     extern E:\3.46\pic18-lt\cxx-framework\src\traditional\proc\p18f452.asm
                      PR2   0x000fcb       data     extern E:\3.46\pic18-lt\cxx-framework\src\traditional\proc\p18f452.asm
                  PREINC0   0x000fec       data     extern E:\3.46\pic18-lt\cxx-framework\src\traditional\proc\p18f452.asm
                  PREINC1   0x000fe4       data     extern E:\3.46\pic18-lt\cxx-framework\src\traditional\proc\p18f452.asm
                  PREINC2   0x000fdc       data     extern E:\3.46\pic18-lt\cxx-framework\src\traditional\proc\p18f452.asm
                     PROD   0x000ff3       data     extern E:\3.46\pic18-lt\cxx-framework\src\traditional\proc\p18f452.asm
                    PRODH   0x000ff4       data     extern E:\3.46\pic18-lt\cxx-framework\src\traditional\proc\p18f452.asm
                    PRODL   0x000ff3       data     extern E:\3.46\pic18-lt\cxx-framework\src\traditional\proc\p18f452.asm
                     RCON   0x000fd0       data     extern E:\3.46\pic18-lt\cxx-framework\src\traditional\proc\p18f452.asm
                 RCONbits   0x000fd0       data     extern E:\3.46\pic18-lt\cxx-framework\src\traditional\proc\p18f452.asm
                    RCREG   0x000fae       data     extern E:\3.46\pic18-lt\cxx-framework\src\traditional\proc\p18f452.asm
                    RCSTA   0x000fab       data     extern E:\3.46\pic18-lt\cxx-framework\src\traditional\proc\p18f452.asm
                RCSTAbits   0x000fab       data     extern E:\3.46\pic18-lt\cxx-framework\src\traditional\proc\p18f452.asm
                 ResultOK   0x0005df       data     extern C:\Users\DPTP\Google Drive\DPTP\PIC_Programozas\P18F452\VGM_YM2612_SN76489\main.c
                     SIGN   0x000000       data     extern E:\3.46\pic18-lt\cxx-framework\src\traditional\math\cmath18.asm
                    SPBRG   0x000faf       data     extern E:\3.46\pic18-lt\cxx-framework\src\traditional\proc\p18f452.asm
                   SSPADD   0x000fc8       data     extern E:\3.46\pic18-lt\cxx-framework\src\traditional\proc\p18f452.asm
                   SSPBUF   0x000fc9       data     extern E:\3.46\pic18-lt\cxx-framework\src\traditional\proc\p18f452.asm
                  SSPCON1   0x000fc6       data     extern E:\3.46\pic18-lt\cxx-framework\src\traditional\proc\p18f452.asm
              SSPCON1bits   0x000fc6       data     extern E:\3.46\pic18-lt\cxx-framework\src\traditional\proc\p18f452.asm
                  SSPCON2   0x000fc5       data     extern E:\3.46\pic18-lt\cxx-framework\src\traditional\proc\p18f452.asm
              SSPCON2bits   0x000fc5       data     extern E:\3.46\pic18-lt\cxx-framework\src\traditional\proc\p18f452.asm
                  SSPSTAT   0x000fc7       data     extern E:\3.46\pic18-lt\cxx-framework\src\traditional\proc\p18f452.asm
              SSPSTATbits   0x000fc7       data     extern E:\3.46\pic18-lt\cxx-framework\src\traditional\proc\p18f452.asm
                   STATUS   0x000fd8       data     extern E:\3.46\pic18-lt\cxx-framework\src\traditional\proc\p18f452.asm
               STATUSbits   0x000fd8       data     extern E:\3.46\pic18-lt\cxx-framework\src\traditional\proc\p18f452.asm
[...]
                PORTDbits   0x000f83       data     extern E:\3.46\pic18-lt\cxx-framework\src\traditional\proc\p18f452.asm
                    PORTD   0x000f83       data     extern E:\3.46\pic18-lt\cxx-framework\src\traditional\proc\p18f452.asm
                    PORTE   0x000f84       data     extern E:\3.46\pic18-lt\cxx-framework\src\traditional\proc\p18f452.asm
                PORTEbits   0x000f84       data     extern E:\3.46\pic18-lt\cxx-framework\src\traditional\proc\p18f452.asm
                     LATA   0x000f89       data     extern E:\3.46\pic18-lt\cxx-framework\src\traditional\proc\p18f452.asm
                 LATAbits   0x000f89       data     extern E:\3.46\pic18-lt\cxx-framework\src\traditional\proc\p18f452.asm
                     LATB   0x000f8a       data     extern E:\3.46\pic18-lt\cxx-framework\src\traditional\proc\p18f452.asm
                 LATBbits   0x000f8a       data     extern E:\3.46\pic18-lt\cxx-framework\src\traditional\proc\p18f452.asm
                     LATC   0x000f8b       data     extern E:\3.46\pic18-lt\cxx-framework\src\traditional\proc\p18f452.asm
                 LATCbits   0x000f8b       data     extern E:\3.46\pic18-lt\cxx-framework\src\traditional\proc\p18f452.asm
                     LATD   0x000f8c       data     extern E:\3.46\pic18-lt\cxx-framework\src\traditional\proc\p18f452.asm
                 LATDbits   0x000f8c       data     extern E:\3.46\pic18-lt\cxx-framework\src\traditional\proc\p18f452.asm
                     LATE   0x000f8d       data     extern E:\3.46\pic18-lt\cxx-framework\src\traditional\proc\p18f452.asm
                 LATEbits   0x000f8d       data     extern E:\3.46\pic18-lt\cxx-framework\src\traditional\proc\p18f452.asm
                    TRISA   0x000f92       data     extern E:\3.46\pic18-lt\cxx-framework\src\traditional\proc\p18f452.asm
                TRISAbits   0x000f92       data     extern E:\3.46\pic18-lt\cxx-framework\src\traditional\proc\p18f452.asm
                 DDRAbits   0x000f92       data     extern E:\3.46\pic18-lt\cxx-framework\src\traditional\proc\p18f452.asm
                     DDRA   0x000f92       data     extern E:\3.46\pic18-lt\cxx-framework\src\traditional\proc\p18f452.asm
                 DDRBbits   0x000f93       data     extern E:\3.46\pic18-lt\cxx-framework\src\traditional\proc\p18f452.asm
                     DDRB   0x000f93       data     extern E:\3.46\pic18-lt\cxx-framework\src\traditional\proc\p18f452.asm
                    TRISB   0x000f93       data     extern E:\3.46\pic18-lt\cxx-framework\src\traditional\proc\p18f452.asm
                TRISBbits   0x000f93       data     extern E:\3.46\pic18-lt\cxx-framework\src\traditional\proc\p18f452.asm
                    TRISC   0x000f94       data     extern E:\3.46\pic18-lt\cxx-framework\src\traditional\proc\p18f452.asm
                     DDRC   0x000f94       data     extern E:\3.46\pic18-lt\cxx-framework\src\traditional\proc\p18f452.asm
                 DDRCbits   0x000f94       data     extern E:\3.46\pic18-lt\cxx-framework\src\traditional\proc\p18f452.asm
                TRISCbits   0x000f94       data     extern E:\3.46\pic18-lt\cxx-framework\src\traditional\proc\p18f452.asm
                    TRISD   0x000f95       data     extern E:\3.46\pic18-lt\cxx-framework\src\traditional\proc\p18f452.asm
                TRISDbits   0x000f95       data     extern E:\3.46\pic18-lt\cxx-framework\src\traditional\proc\p18f452.asm
                 DDRDbits   0x000f95       data     extern E:\3.46\pic18-lt\cxx-framework\src\traditional\proc\p18f452.asm
                     DDRD   0x000f95       data     extern E:\3.46\pic18-lt\cxx-framework\src\traditional\proc\p18f452.asm
                    TRISE   0x000f96       data     extern E:\3.46\pic18-lt\cxx-framework\src\traditional\proc\p18f452.asm
                     DDRE   0x000f96       data     extern E:\3.46\pic18-lt\cxx-framework\src\traditional\proc\p18f452.asm
                 DDREbits   0x000f96       data     extern E:\3.46\pic18-lt\cxx-framework\src\traditional\proc\p18f452.asm
                TRISEbits   0x000f96       data     extern E:\3.46\pic18-lt\cxx-framework\src\traditional\proc\p18f452.asm
                 PIE1bits   0x000f9d       data     extern E:\3.46\pic18-lt\cxx-framework\src\traditional\proc\p18f452.asm
                     PIE1   0x000f9d       data     extern E:\3.46\pic18-lt\cxx-framework\src\traditional\proc\p18f452.asm
                     PIR1   0x000f9e       data     extern E:\3.46\pic18-lt\cxx-framework\src\traditional\proc\p18f452.asm
                 PIR1bits   0x000f9e       data     extern E:\3.46\pic18-lt\cxx-framework\src\traditional\proc\p18f452.asm
                 IPR1bits   0x000f9f       data     extern E:\3.46\pic18-lt\cxx-framework\src\traditional\proc\p18f452.asm
                     IPR1   0x000f9f       data     extern E:\3.46\pic18-lt\cxx-framework\src\traditional\proc\p18f452.asm
                     PIE2   0x000fa0       data     extern E:\3.46\pic18-lt\cxx-framework\src\traditional\proc\p18f452.asm
                 PIE2bits   0x000fa0       data     extern E:\3.46\pic18-lt\cxx-framework\src\traditional\proc\p18f452.asm
                     PIR2   0x000fa1       data     extern E:\3.46\pic18-lt\cxx-framework\src\traditional\proc\p18f452.asm
                 PIR2bits   0x000fa1       data     extern E:\3.46\pic18-lt\cxx-framework\src\traditional\proc\p18f452.asm
                     IPR2   0x000fa2       data     extern E:\3.46\pic18-lt\cxx-framework\src\traditional\proc\p18f452.asm
                 IPR2bits   0x000fa2       data     extern E:\3.46\pic18-lt\cxx-framework\src\traditional\proc\p18f452.asm
                   EECON1   0x000fa6       data     extern E:\3.46\pic18-lt\cxx-framework\src\traditional\proc\p18f452.asm
               EECON1bits   0x000fa6       data     extern E:\3.46\pic18-lt\cxx-framework\src\traditional\proc\p18f452.asm
                   EECON2   0x000fa7       data     extern E:\3.46\pic18-lt\cxx-framework\src\traditional\proc\p18f452.asm
                   EEDATA   0x000fa8       data     extern E:\3.46\pic18-lt\cxx-framework\src\traditional\proc\p18f452.asm
                    EEADR   0x000fa9       data     extern E:\3.46\pic18-lt\cxx-framework\src\traditional\proc\p18f452.asm
                    RCSTA   0x000fab       data     extern E:\3.46\pic18-lt\cxx-framework\src\traditional\proc\p18f452.asm
                RCSTAbits   0x000fab       data     extern E:\3.46\pic18-lt\cxx-framework\src\traditional\proc\p18f452.asm
                TXSTAbits   0x000fac       data     extern E:\3.46\pic18-lt\cxx-framework\src\traditional\proc\p18f452.asm
                    TXSTA   0x000fac       data     extern E:\3.46\pic18-lt\cxx-framework\src\traditional\proc\p18f452.asm
                    TXREG   0x000fad       data     extern E:\3.46\pic18-lt\cxx-framework\src\traditional\proc\p18f452.asm
                    RCREG   0x000fae       data     extern E:\3.46\pic18-lt\cxx-framework\src\traditional\proc\p18f452.asm
                    SPBRG   0x000faf       data     extern E:\3.46\pic18-lt\cxx-framework\src\traditional\proc\p18f452.asm
                T3CONbits   0x000fb1       data     extern E:\3.46\pic18-lt\cxx-framework\src\traditional\proc\p18f452.asm
                    T3CON   0x000fb1       data     extern E:\3.46\pic18-lt\cxx-framework\src\traditional\proc\p18f452.asm
                    TMR3L   0x000fb2       data     extern E:\3.46\pic18-lt\cxx-framework\src\traditional\proc\p18f452.asm
                    TMR3H   0x000fb3       data     extern E:\3.46\pic18-lt\cxx-framework\src\traditional\proc\p18f452.asm
              CCP2CONbits   0x000fba       data     extern E:\3.46\pic18-lt\cxx-framework\src\traditional\proc\p18f452.asm
                  CCP2CON   0x000fba       data     extern E:\3.46\pic18-lt\cxx-framework\src\traditional\proc\p18f452.asm
                    CCPR2   0x000fbb       data     extern E:\3.46\pic18-lt\cxx-framework\src\traditional\proc\p18f452.asm
                   CCPR2L   0x000fbb       data     extern E:\3.46\pic18-lt\cxx-framework\src\traditional\proc\p18f452.asm
                   CCPR2H   0x000fbc       data     extern E:\3.46\pic18-lt\cxx-framework\src\traditional\proc\p18f452.asm
                  CCP1CON   0x000fbd       data     extern E:\3.46\pic18-lt\cxx-framework\src\traditional\proc\p18f452.asm
              CCP1CONbits   0x000fbd       data     extern E:\3.46\pic18-lt\cxx-framework\src\traditional\proc\p18f452.asm
                    CCPR1   0x000fbe       data     extern E:\3.46\pic18-lt\cxx-framework\src\traditional\proc\p18f452.asm
                   CCPR1L   0x000fbe       data     extern E:\3.46\pic18-lt\cxx-framework\src\traditional\proc\p18f452.asm
                   CCPR1H   0x000fbf       data     extern E:\3.46\pic18-lt\cxx-framework\src\traditional\proc\p18f452.asm
                   ADCON1   0x000fc1       data     extern E:\3.46\pic18-lt\cxx-framework\src\traditional\proc\p18f452.asm
               ADCON1bits   0x000fc1       data     extern E:\3.46\pic18-lt\cxx-framework\src\traditional\proc\p18f452.asm
               ADCON0bits   0x000fc2       data     extern E:\3.46\pic18-lt\cxx-framework\src\traditional\proc\p18f452.asm
                   ADCON0   0x000fc2       data     extern E:\3.46\pic18-lt\cxx-framework\src\traditional\proc\p18f452.asm
                    ADRES   0x000fc3       data     extern E:\3.46\pic18-lt\cxx-framework\src\traditional\proc\p18f452.asm
                   ADRESL   0x000fc3       data     extern E:\3.46\pic18-lt\cxx-framework\src\traditional\proc\p18f452.asm
                   ADRESH   0x000fc4       data     extern E:\3.46\pic18-lt\cxx-framework\src\traditional\proc\p18f452.asm
                  SSPCON2   0x000fc5       data     extern E:\3.46\pic18-lt\cxx-framework\src\traditional\proc\p18f452.asm
              SSPCON2bits   0x000fc5       data     extern E:\3.46\pic18-lt\cxx-framework\src\traditional\proc\p18f452.asm
                  SSPCON1   0x000fc6       data     extern E:\3.46\pic18-lt\cxx-framework\src\traditional\proc\p18f452.asm
              SSPCON1bits   0x000fc6       data     extern E:\3.46\pic18-lt\cxx-framework\src\traditional\proc\p18f452.asm
                  SSPSTAT   0x000fc7       data     extern E:\3.46\pic18-lt\cxx-framework\src\traditional\proc\p18f452.asm
              SSPSTATbits   0x000fc7       data     extern E:\3.46\pic18-lt\cxx-framework\src\traditional\proc\p18f452.asm
                   SSPADD   0x000fc8       data     extern E:\3.46\pic18-lt\cxx-framework\src\traditional\proc\p18f452.asm
                   SSPBUF   0x000fc9       data     extern E:\3.46\pic18-lt\cxx-framework\src\traditional\proc\p18f452.asm
                T2CONbits   0x000fca       data     extern E:\3.46\pic18-lt\cxx-framework\src\traditional\proc\p18f452.asm
                    T2CON   0x000fca       data     extern E:\3.46\pic18-lt\cxx-framework\src\traditional\proc\p18f452.asm
                      PR2   0x000fcb       data     extern E:\3.46\pic18-lt\cxx-framework\src\traditional\proc\p18f452.asm
                     TMR2   0x000fcc       data     extern E:\3.46\pic18-lt\cxx-framework\src\traditional\proc\p18f452.asm
                T1CONbits   0x000fcd       data     extern E:\3.46\pic18-lt\cxx-framework\src\traditional\proc\p18f452.asm
                    T1CON   0x000fcd       data     extern E:\3.46\pic18-lt\cxx-framework\src\traditional\proc\p18f452.asm
                    TMR1L   0x000fce       data     extern E:\3.46\pic18-lt\cxx-framework\src\traditional\proc\p18f452.asm
                    TMR1H   0x000fcf       data     extern E:\3.46\pic18-lt\cxx-framework\src\traditional\proc\p18f452.asm
                     RCON   0x000fd0       data     extern E:\3.46\pic18-lt\cxx-framework\src\traditional\proc\p18f452.asm
                 RCONbits   0x000fd0       data     extern E:\3.46\pic18-lt\cxx-framework\src\traditional\proc\p18f452.asm
                   WDTCON   0x000fd1       data     extern E:\3.46\pic18-lt\cxx-framework\src\traditional\proc\p18f452.asm
               WDTCONbits   0x000fd1       data     extern E:\3.46\pic18-lt\cxx-framework\src\traditional\proc\p18f452.asm
               LVDCONbits   0x000fd2       data     extern E:\3.46\pic18-lt\cxx-framework\src\traditional\proc\p18f452.asm
                   LVDCON   0x000fd2       data     extern E:\3.46\pic18-lt\cxx-framework\src\traditional\proc\p18f452.asm
                   OSCCON   0x000fd3       data     extern E:\3.46\pic18-lt\cxx-framework\src\traditional\proc\p18f452.asm
               OSCCONbits   0x000fd3       data     extern E:\3.46\pic18-lt\cxx-framework\src\traditional\proc\p18f452.asm
                    T0CON   0x000fd5       data     extern E:\3.46\pic18-lt\cxx-framework\src\traditional\proc\p18f452.asm
                T0CONbits   0x000fd5       data     extern E:\3.46\pic18-lt\cxx-framework\src\traditional\proc\p18f452.asm
                    TMR0L   0x000fd6       data     extern E:\3.46\pic18-lt\cxx-framework\src\traditional\proc\p18f452.asm
                    TMR0H   0x000fd7       data     extern E:\3.46\pic18-lt\cxx-framework\src\traditional\proc\p18f452.asm
                   STATUS   0x000fd8       data     extern E:\3.46\pic18-lt\cxx-framework\src\traditional\proc\p18f452.asm
               STATUSbits   0x000fd8       data     extern E:\3.46\pic18-lt\cxx-framework\src\traditional\proc\p18f452.asm
                    FSR2L   0x000fd9       data     extern E:\3.46\pic18-lt\cxx-framework\src\traditional\proc\p18f452.asm
                     FSR2   0x000fd9       data     extern E:\3.46\pic18-lt\cxx-framework\src\traditional\proc\p18f452.asm
                    FSR2H   0x000fda       data     extern E:\3.46\pic18-lt\cxx-framework\src\traditional\proc\p18f452.asm
                   PLUSW2   0x000fdb       data     extern E:\3.46\pic18-lt\cxx-framework\src\traditional\proc\p18f452.asm
                  PREINC2   0x000fdc       data     extern E:\3.46\pic18-lt\cxx-framework\src\traditional\proc\p18f452.asm
                 POSTDEC2   0x000fdd       data     extern E:\3.46\pic18-lt\cxx-framework\src\traditional\proc\p18f452.asm
                 POSTINC2   0x000fde       data     extern E:\3.46\pic18-lt\cxx-framework\src\traditional\proc\p18f452.asm
                    INDF2   0x000fdf       data     extern E:\3.46\pic18-lt\cxx-framework\src\traditional\proc\p18f452.asm
                      BSR   0x000fe0       data     extern E:\3.46\pic18-lt\cxx-framework\src\traditional\proc\p18f452.asm
                     FSR1   0x000fe1       data     extern E:\3.46\pic18-lt\cxx-framework\src\traditional\proc\p18f452.asm
                    FSR1L   0x000fe1       data     extern E:\3.46\pic18-lt\cxx-framework\src\traditional\proc\p18f452.asm
                    FSR1H   0x000fe2       data     extern E:\3.46\pic18-lt\cxx-framework\src\traditional\proc\p18f452.asm
                   PLUSW1   0x000fe3       data     extern E:\3.46\pic18-lt\cxx-framework\src\traditional\proc\p18f452.asm
                  PREINC1   0x000fe4       data     extern E:\3.46\pic18-lt\cxx-framework\src\traditional\proc\p18f452.asm
                 POSTDEC1   0x000fe5       data     extern E:\3.46\pic18-lt\cxx-framework\src\traditional\proc\p18f452.asm
                 POSTINC1   0x000fe6       data     extern E:\3.46\pic18-lt\cxx-framework\src\traditional\proc\p18f452.asm
                    INDF1   0x000fe7       data     extern E:\3.46\pic18-lt\cxx-framework\src\traditional\proc\p18f452.asm
                     WREG   0x000fe8       data     extern E:\3.46\pic18-lt\cxx-framework\src\traditional\proc\p18f452.asm
                        W   0x000fe8       data     extern E:\3.46\pic18-lt\cxx-framework\src\traditional\proc\p18f452.asm
                    FSR0L   0x000fe9       data     extern E:\3.46\pic18-lt\cxx-framework\src\traditional\proc\p18f452.asm
                     FSR0   0x000fe9       data     extern E:\3.46\pic18-lt\cxx-framework\src\traditional\proc\p18f452.asm
                    FSR0H   0x000fea       data     extern E:\3.46\pic18-lt\cxx-framework\src\traditional\proc\p18f452.asm
                   PLUSW0   0x000feb       data     extern E:\3.46\pic18-lt\cxx-framework\src\traditional\proc\p18f452.asm
                  PREINC0   0x000fec       data     extern E:\3.46\pic18-lt\cxx-framework\src\traditional\proc\p18f452.asm
                 POSTDEC0   0x000fed       data     extern E:\3.46\pic18-lt\cxx-framework\src\traditional\proc\p18f452.asm
                 POSTINC0   0x000fee       data     extern E:\3.46\pic18-lt\cxx-framework\src\traditional\proc\p18f452.asm
                    INDF0   0x000fef       data     extern E:\3.46\pic18-lt\cxx-framework\src\traditional\proc\p18f452.asm
                  INTCON3   0x000ff0       data     extern E:\3.46\pic18-lt\cxx-framework\src\traditional\proc\p18f452.asm
              INTCON3bits   0x000ff0       data     extern E:\3.46\pic18-lt\cxx-framework\src\traditional\proc\p18f452.asm
                  INTCON2   0x000ff1       data     extern E:\3.46\pic18-lt\cxx-framework\src\traditional\proc\p18f452.asm
              INTCON2bits   0x000ff1       data     extern E:\3.46\pic18-lt\cxx-framework\src\traditional\proc\p18f452.asm
                   INTCON   0x000ff2       data     extern E:\3.46\pic18-lt\cxx-framework\src\traditional\proc\p18f452.asm
                  INTCON1   0x000ff2       data     extern E:\3.46\pic18-lt\cxx-framework\src\traditional\proc\p18f452.asm
              INTCON1bits   0x000ff2       data     extern E:\3.46\pic18-lt\cxx-framework\src\traditional\proc\p18f452.asm
               INTCONbits   0x000ff2       data     extern E:\3.46\pic18-lt\cxx-framework\src\traditional\proc\p18f452.asm
                    PRODL   0x000ff3       data     extern E:\3.46\pic18-lt\cxx-framework\src\traditional\proc\p18f452.asm
                     PROD   0x000ff3       data     extern E:\3.46\pic18-lt\cxx-framework\src\traditional\proc\p18f452.asm
                    PRODH   0x000ff4       data     extern E:\3.46\pic18-lt\cxx-framework\src\traditional\proc\p18f452.asm
                   TABLAT   0x000ff5       data     extern E:\3.46\pic18-lt\cxx-framework\src\traditional\proc\p18f452.asm
                   TBLPTR   0x000ff6       data     extern E:\3.46\pic18-lt\cxx-framework\src\traditional\proc\p18f452.asm
                  TBLPTRL   0x000ff6       data     extern E:\3.46\pic18-lt\cxx-framework\src\traditional\proc\p18f452.asm
                  TBLPTRH   0x000ff7       data     extern E:\3.46\pic18-lt\cxx-framework\src\traditional\proc\p18f452.asm
                  TBLPTRU   0x000ff8       data     extern E:\3.46\pic18-lt\cxx-framework\src\traditional\proc\p18f452.asm
                      PCL   0x000ff9       data     extern E:\3.46\pic18-lt\cxx-framework\src\traditional\proc\p18f452.asm
                       PC   0x000ff9       data     extern E:\3.46\pic18-lt\cxx-framework\src\traditional\proc\p18f452.asm
                   PCLATH   0x000ffa       data     extern E:\3.46\pic18-lt\cxx-framework\src\traditional\proc\p18f452.asm
                   PCLATU   0x000ffb       data     extern E:\3.46\pic18-lt\cxx-framework\src\traditional\proc\p18f452.asm
               STKPTRbits   0x000ffc       data     extern E:\3.46\pic18-lt\cxx-framework\src\traditional\proc\p18f452.asm
                   STKPTR   0x000ffc       data     extern E:\3.46\pic18-lt\cxx-framework\src\traditional\proc\p18f452.asm
                      TOS   0x000ffd       data     extern E:\3.46\pic18-lt\cxx-framework\src\traditional\proc\p18f452.asm
                     TOSL   0x000ffd       data     extern E:\3.46\pic18-lt\cxx-framework\src\traditional\proc\p18f452.asm
                     TOSH   0x000ffe       data     extern E:\3.46\pic18-lt\cxx-framework\src\traditional\proc\p18f452.asm
                     TOSU   0x000fff       data     extern E:\3.46\pic18-lt\cxx-framework\src\traditional\proc\p18f452.asm


